
> sudoku-temp@0.1.0 test
> jest --testTimeout=10000

